
==========================================================================
finish report_tns
--------------------------------------------------------------------------
tns max 0.00

==========================================================================
finish report_wns
--------------------------------------------------------------------------
wns max 0.00

==========================================================================
finish report_worst_slack
--------------------------------------------------------------------------
worst slack max 7.73

==========================================================================
finish report_clock_min_period
--------------------------------------------------------------------------
clk period_min = 2.27 fmax = 440.06

==========================================================================
finish report_clock_skew
--------------------------------------------------------------------------
Clock clk
No launch/capture paths found.


==========================================================================
finish report_checks -path_delay min
--------------------------------------------------------------------------
Startpoint: pix_in[6] (input port clocked by clk)
Endpoint: pix_out$_DFF_PN0_ (rising edge-triggered flip-flop clocked by clk)
Path Group: clk
Path Type: min

Fanout     Cap    Slew   Delay    Time   Description
-----------------------------------------------------------------------------
                          0.00    0.00   clock clk (rise edge)
                          0.00    0.00   clock network delay (propagated)
                          2.00    2.00 ^ input external delay
     1    2.73    0.00    0.00    2.00 ^ pix_in[6] (in)
                                         pix_in[6] (net)
                  0.00    0.00    2.00 ^ input7/A (BUF_X1)
     1    3.28    0.01    0.02    2.02 ^ input7/Z (BUF_X1)
                                         net7 (net)
                  0.01    0.00    2.02 ^ _57_/A (HA_X1)
     2    3.70    0.01    0.02    2.04 v _57_/S (HA_X1)
                                         _09_ (net)
                  0.01    0.00    2.04 v _52_/A2 (NAND2_X1)
     1    1.71    0.01    0.02    2.06 ^ _52_/ZN (NAND2_X1)
                                         _33_ (net)
                  0.01    0.00    2.06 ^ _54_/C1 (OAI221_X1)
     1    1.50    0.01    0.02    2.07 v _54_/ZN (OAI221_X1)
                                         _00_ (net)
                  0.01    0.00    2.07 v pix_out$_DFF_PN0_/D (DFFR_X1)
                                  2.07   data arrival time

                          0.00    0.00   clock clk (rise edge)
                          0.00    0.00   clock source latency
     1    3.94    0.00    0.00    0.00 ^ clk (in)
                                         clk (net)
                  0.00    0.00    0.00 ^ pix_out$_DFF_PN0_/CK (DFFR_X1)
                          0.00    0.00   clock reconvergence pessimism
                          0.00    0.00   library hold time
                                  0.00   data required time
-----------------------------------------------------------------------------
                                  0.00   data required time
                                 -2.07   data arrival time
-----------------------------------------------------------------------------
                                  2.07   slack (MET)



==========================================================================
finish report_checks -path_delay max
--------------------------------------------------------------------------
Startpoint: threshold[7] (input port clocked by clk)
Endpoint: pix_out$_DFF_PN0_ (rising edge-triggered flip-flop clocked by clk)
Path Group: clk
Path Type: max

Fanout     Cap    Slew   Delay    Time   Description
-----------------------------------------------------------------------------
                          0.00    0.00   clock clk (rise edge)
                          0.00    0.00   clock network delay (propagated)
                          2.00    2.00 v input external delay
     1    2.18    0.00    0.00    2.00 v threshold[7] (in)
                                         threshold[7] (net)
                  0.00    0.00    2.00 v input17/A (BUF_X1)
     1    1.73    0.01    0.02    2.02 v input17/Z (BUF_X1)
                                         net17 (net)
                  0.01    0.00    2.02 v _38_/A (INV_X1)
     1    3.52    0.01    0.02    2.04 ^ _38_/ZN (INV_X1)
                                         _13_ (net)
                  0.01    0.00    2.04 ^ _59_/B (HA_X1)
     3    5.96    0.04    0.07    2.10 ^ _59_/S (HA_X1)
                                         _15_ (net)
                  0.04    0.00    2.11 ^ _50_/A1 (AND4_X2)
     1    2.21    0.01    0.06    2.16 ^ _50_/ZN (AND4_X2)
                                         _31_ (net)
                  0.01    0.00    2.16 ^ _51_/A (OAI21_X1)
     1    2.23    0.01    0.02    2.18 v _51_/ZN (OAI21_X1)
                                         _32_ (net)
                  0.01    0.00    2.18 v _54_/B2 (OAI221_X1)
     1    1.57    0.03    0.05    2.23 ^ _54_/ZN (OAI221_X1)
                                         _00_ (net)
                  0.03    0.00    2.23 ^ pix_out$_DFF_PN0_/D (DFFR_X1)
                                  2.23   data arrival time

                         10.00   10.00   clock clk (rise edge)
                          0.00   10.00   clock source latency
     1    3.94    0.00    0.00   10.00 ^ clk (in)
                                         clk (net)
                  0.00    0.00   10.00 ^ pix_out$_DFF_PN0_/CK (DFFR_X1)
                          0.00   10.00   clock reconvergence pessimism
                         -0.04    9.96   library setup time
                                  9.96   data required time
-----------------------------------------------------------------------------
                                  9.96   data required time
                                 -2.23   data arrival time
-----------------------------------------------------------------------------
                                  7.73   slack (MET)



==========================================================================
finish report_checks -unconstrained
--------------------------------------------------------------------------
Startpoint: threshold[7] (input port clocked by clk)
Endpoint: pix_out$_DFF_PN0_ (rising edge-triggered flip-flop clocked by clk)
Path Group: clk
Path Type: max

Fanout     Cap    Slew   Delay    Time   Description
-----------------------------------------------------------------------------
                          0.00    0.00   clock clk (rise edge)
                          0.00    0.00   clock network delay (propagated)
                          2.00    2.00 v input external delay
     1    2.18    0.00    0.00    2.00 v threshold[7] (in)
                                         threshold[7] (net)
                  0.00    0.00    2.00 v input17/A (BUF_X1)
     1    1.73    0.01    0.02    2.02 v input17/Z (BUF_X1)
                                         net17 (net)
                  0.01    0.00    2.02 v _38_/A (INV_X1)
     1    3.52    0.01    0.02    2.04 ^ _38_/ZN (INV_X1)
                                         _13_ (net)
                  0.01    0.00    2.04 ^ _59_/B (HA_X1)
     3    5.96    0.04    0.07    2.10 ^ _59_/S (HA_X1)
                                         _15_ (net)
                  0.04    0.00    2.11 ^ _50_/A1 (AND4_X2)
     1    2.21    0.01    0.06    2.16 ^ _50_/ZN (AND4_X2)
                                         _31_ (net)
                  0.01    0.00    2.16 ^ _51_/A (OAI21_X1)
     1    2.23    0.01    0.02    2.18 v _51_/ZN (OAI21_X1)
                                         _32_ (net)
                  0.01    0.00    2.18 v _54_/B2 (OAI221_X1)
     1    1.57    0.03    0.05    2.23 ^ _54_/ZN (OAI221_X1)
                                         _00_ (net)
                  0.03    0.00    2.23 ^ pix_out$_DFF_PN0_/D (DFFR_X1)
                                  2.23   data arrival time

                         10.00   10.00   clock clk (rise edge)
                          0.00   10.00   clock source latency
     1    3.94    0.00    0.00   10.00 ^ clk (in)
                                         clk (net)
                  0.00    0.00   10.00 ^ pix_out$_DFF_PN0_/CK (DFFR_X1)
                          0.00   10.00   clock reconvergence pessimism
                         -0.04    9.96   library setup time
                                  9.96   data required time
-----------------------------------------------------------------------------
                                  9.96   data required time
                                 -2.23   data arrival time
-----------------------------------------------------------------------------
                                  7.73   slack (MET)



==========================================================================
finish report_check_types -max_slew -max_cap -max_fanout -violators
--------------------------------------------------------------------------

==========================================================================
finish max_slew_check_slack
--------------------------------------------------------------------------
0.15770065784454346

==========================================================================
finish max_slew_check_limit
--------------------------------------------------------------------------
0.1985349953174591

==========================================================================
finish max_slew_check_slack_limit
--------------------------------------------------------------------------
0.7943

==========================================================================
finish max_fanout_check_slack
--------------------------------------------------------------------------
1.0000000150474662e+30

==========================================================================
finish max_fanout_check_limit
--------------------------------------------------------------------------
1.0000000150474662e+30

==========================================================================
finish max_capacitance_check_slack
--------------------------------------------------------------------------
18.14134407043457

==========================================================================
finish max_capacitance_check_limit
--------------------------------------------------------------------------
20.904499053955078

==========================================================================
finish max_capacitance_check_slack_limit
--------------------------------------------------------------------------
0.8678

==========================================================================
finish max_slew_violation_count
--------------------------------------------------------------------------
max slew violation count 0

==========================================================================
finish max_fanout_violation_count
--------------------------------------------------------------------------
max fanout violation count 0

==========================================================================
finish max_cap_violation_count
--------------------------------------------------------------------------
max cap violation count 0

==========================================================================
finish setup_violation_count
--------------------------------------------------------------------------
setup violation count 0

==========================================================================
finish hold_violation_count
--------------------------------------------------------------------------
hold violation count 0

==========================================================================
finish report_checks -path_delay max reg to reg
--------------------------------------------------------------------------
No paths found.

==========================================================================
finish report_checks -path_delay min reg to reg
--------------------------------------------------------------------------
No paths found.

==========================================================================
finish critical path target clock latency max path
--------------------------------------------------------------------------
0.0002

==========================================================================
finish critical path target clock latency min path
--------------------------------------------------------------------------
0.0002

==========================================================================
finish critical path source clock latency min path
--------------------------------------------------------------------------
0.0000

==========================================================================
finish critical path delay
--------------------------------------------------------------------------
2.2325

==========================================================================
finish critical path slack
--------------------------------------------------------------------------
7.7276

==========================================================================
finish slack div critical path delay
--------------------------------------------------------------------------
346.141097

==========================================================================
finish report_power
--------------------------------------------------------------------------
Group                  Internal  Switching    Leakage      Total
                          Power      Power      Power      Power (Watts)
----------------------------------------------------------------
Sequential             6.58e-07   3.04e-08   8.57e-08   7.74e-07  15.6%
Combinational          1.70e-06   1.19e-06   1.30e-06   4.19e-06  84.4%
Clock                  0.00e+00   0.00e+00   0.00e+00   0.00e+00   0.0%
Macro                  0.00e+00   0.00e+00   0.00e+00   0.00e+00   0.0%
Pad                    0.00e+00   0.00e+00   0.00e+00   0.00e+00   0.0%
----------------------------------------------------------------
Total                  2.36e-06   1.22e-06   1.39e-06   4.96e-06 100.0%
                          47.5%      24.5%      27.9%
