
==========================================================================
floorplan final report_tns
--------------------------------------------------------------------------
tns max 0.00

==========================================================================
floorplan final report_wns
--------------------------------------------------------------------------
wns max 0.00

==========================================================================
floorplan final report_worst_slack
--------------------------------------------------------------------------
worst slack max 7.76

==========================================================================
floorplan final report_clock_min_period
--------------------------------------------------------------------------
clk period_min = 2.24 fmax = 447.34

==========================================================================
floorplan final report_checks -path_delay min
--------------------------------------------------------------------------
Startpoint: pix_in[6] (input port clocked by clk)
Endpoint: pix_out$_DFF_PN0_ (rising edge-triggered flip-flop clocked by clk)
Path Group: clk
Path Type: min

Fanout     Cap    Slew   Delay    Time   Description
-----------------------------------------------------------------------------
                  0.00    0.00    0.00   clock clk (rise edge)
                          0.00    0.00   clock network delay (ideal)
                          2.00    2.00 ^ input external delay
     1    3.19    0.00    0.00    2.00 ^ pix_in[6] (in)
                                         pix_in[6] (net)
                  0.00    0.00    2.00 ^ _57_/A (HA_X1)
     2    3.03    0.01    0.01    2.01 v _57_/S (HA_X1)
                                         _09_ (net)
                  0.01    0.00    2.01 v _52_/A2 (NAND2_X1)
     1    1.57    0.01    0.02    2.03 ^ _52_/ZN (NAND2_X1)
                                         _33_ (net)
                  0.01    0.00    2.03 ^ _54_/C1 (OAI221_X1)
     1    1.05    0.01    0.01    2.04 v _54_/ZN (OAI221_X1)
                                         _00_ (net)
                  0.01    0.00    2.04 v pix_out$_DFF_PN0_/D (DFFR_X1)
                                  2.04   data arrival time

                  0.00    0.00    0.00   clock clk (rise edge)
                          0.00    0.00   clock network delay (ideal)
                          0.00    0.00   clock reconvergence pessimism
                                  0.00 ^ pix_out$_DFF_PN0_/CK (DFFR_X1)
                          0.00    0.00   library hold time
                                  0.00   data required time
-----------------------------------------------------------------------------
                                  0.00   data required time
                                 -2.04   data arrival time
-----------------------------------------------------------------------------
                                  2.04   slack (MET)



==========================================================================
floorplan final report_checks -path_delay max
--------------------------------------------------------------------------
Startpoint: threshold[1] (input port clocked by clk)
Endpoint: pix_out$_DFF_PN0_ (rising edge-triggered flip-flop clocked by clk)
Path Group: clk
Path Type: max

Fanout     Cap    Slew   Delay    Time   Description
-----------------------------------------------------------------------------
                  0.00    0.00    0.00   clock clk (rise edge)
                          0.00    0.00   clock network delay (ideal)
                          2.00    2.00 ^ input external delay
     1    1.70    0.00    0.00    2.00 ^ threshold[1] (in)
                                         threshold[1] (net)
                  0.00    0.00    2.00 ^ _39_/A (INV_X1)
     1    3.34    0.00    0.01    2.01 v _39_/ZN (INV_X1)
                                         _10_ (net)
                  0.00    0.00    2.01 v _58_/B (HA_X1)
     1    1.50    0.01    0.05    2.06 v _58_/S (HA_X1)
                                         _12_ (net)
                  0.01    0.00    2.06 v _46_/A2 (NAND2_X1)
     1    1.63    0.01    0.02    2.08 ^ _46_/ZN (NAND2_X1)
                                         _27_ (net)
                  0.01    0.00    2.08 ^ _48_/A (AOI21_X1)
     1    3.50    0.01    0.01    2.09 v _48_/ZN (AOI21_X1)
                                         _29_ (net)
                  0.01    0.00    2.09 v _49_/A4 (NOR4_X2)
     1    1.66    0.03    0.07    2.16 ^ _49_/ZN (NOR4_X2)
                                         _30_ (net)
                  0.03    0.00    2.16 ^ _54_/B1 (OAI221_X1)
     1    1.05    0.02    0.03    2.19 v _54_/ZN (OAI221_X1)
                                         _00_ (net)
                  0.02    0.00    2.19 v pix_out$_DFF_PN0_/D (DFFR_X1)
                                  2.19   data arrival time

                  0.00   10.00   10.00   clock clk (rise edge)
                          0.00   10.00   clock network delay (ideal)
                          0.00   10.00   clock reconvergence pessimism
                                 10.00 ^ pix_out$_DFF_PN0_/CK (DFFR_X1)
                         -0.04    9.96   library setup time
                                  9.96   data required time
-----------------------------------------------------------------------------
                                  9.96   data required time
                                 -2.19   data arrival time
-----------------------------------------------------------------------------
                                  7.76   slack (MET)



==========================================================================
floorplan final report_checks -unconstrained
--------------------------------------------------------------------------
Startpoint: threshold[1] (input port clocked by clk)
Endpoint: pix_out$_DFF_PN0_ (rising edge-triggered flip-flop clocked by clk)
Path Group: clk
Path Type: max

Fanout     Cap    Slew   Delay    Time   Description
-----------------------------------------------------------------------------
                  0.00    0.00    0.00   clock clk (rise edge)
                          0.00    0.00   clock network delay (ideal)
                          2.00    2.00 ^ input external delay
     1    1.70    0.00    0.00    2.00 ^ threshold[1] (in)
                                         threshold[1] (net)
                  0.00    0.00    2.00 ^ _39_/A (INV_X1)
     1    3.34    0.00    0.01    2.01 v _39_/ZN (INV_X1)
                                         _10_ (net)
                  0.00    0.00    2.01 v _58_/B (HA_X1)
     1    1.50    0.01    0.05    2.06 v _58_/S (HA_X1)
                                         _12_ (net)
                  0.01    0.00    2.06 v _46_/A2 (NAND2_X1)
     1    1.63    0.01    0.02    2.08 ^ _46_/ZN (NAND2_X1)
                                         _27_ (net)
                  0.01    0.00    2.08 ^ _48_/A (AOI21_X1)
     1    3.50    0.01    0.01    2.09 v _48_/ZN (AOI21_X1)
                                         _29_ (net)
                  0.01    0.00    2.09 v _49_/A4 (NOR4_X2)
     1    1.66    0.03    0.07    2.16 ^ _49_/ZN (NOR4_X2)
                                         _30_ (net)
                  0.03    0.00    2.16 ^ _54_/B1 (OAI221_X1)
     1    1.05    0.02    0.03    2.19 v _54_/ZN (OAI221_X1)
                                         _00_ (net)
                  0.02    0.00    2.19 v pix_out$_DFF_PN0_/D (DFFR_X1)
                                  2.19   data arrival time

                  0.00   10.00   10.00   clock clk (rise edge)
                          0.00   10.00   clock network delay (ideal)
                          0.00   10.00   clock reconvergence pessimism
                                 10.00 ^ pix_out$_DFF_PN0_/CK (DFFR_X1)
                         -0.04    9.96   library setup time
                                  9.96   data required time
-----------------------------------------------------------------------------
                                  9.96   data required time
                                 -2.19   data arrival time
-----------------------------------------------------------------------------
                                  7.76   slack (MET)



==========================================================================
floorplan final report_power
--------------------------------------------------------------------------
Group                  Internal  Switching    Leakage      Total
                          Power      Power      Power      Power (Watts)
----------------------------------------------------------------
Sequential             6.57e-07   0.00e+00   8.57e-08   7.42e-07  20.4%
Combinational          1.25e-06   7.35e-07   9.15e-07   2.90e-06  79.6%
Clock                  0.00e+00   0.00e+00   0.00e+00   0.00e+00   0.0%
Macro                  0.00e+00   0.00e+00   0.00e+00   0.00e+00   0.0%
Pad                    0.00e+00   0.00e+00   0.00e+00   0.00e+00   0.0%
----------------------------------------------------------------
Total                  1.91e-06   7.35e-07   1.00e-06   3.65e-06 100.0%
                          52.4%      20.1%      27.4%
