
==========================================================================
global place report_tns
--------------------------------------------------------------------------
tns max 0.00

==========================================================================
global place report_wns
--------------------------------------------------------------------------
wns max 0.00

==========================================================================
global place report_worst_slack
--------------------------------------------------------------------------
worst slack max 7.73

==========================================================================
global place report_clock_min_period
--------------------------------------------------------------------------
clk period_min = 2.27 fmax = 440.28

==========================================================================
global place report_checks -path_delay min
--------------------------------------------------------------------------
Startpoint: pix_in[6] (input port clocked by clk)
Endpoint: pix_out$_DFF_PN0_ (rising edge-triggered flip-flop clocked by clk)
Path Group: clk
Path Type: min

Fanout     Cap    Slew   Delay    Time   Description
-----------------------------------------------------------------------------
                  0.00    0.00    0.00   clock clk (rise edge)
                          0.00    0.00   clock network delay (ideal)
                          2.00    2.00 ^ input external delay
     1    3.25    0.00    0.00    2.00 ^ pix_in[6] (in)
                                         pix_in[6] (net)
                  0.00    0.00    2.00 ^ input7/A (BUF_X1)
     1    3.34    0.01    0.02    2.02 ^ input7/Z (BUF_X1)
                                         net7 (net)
                  0.01    0.00    2.02 ^ _57_/A (HA_X1)
     2    4.20    0.01    0.02    2.04 v _57_/S (HA_X1)
                                         _09_ (net)
                  0.01    0.00    2.04 v _52_/A2 (NAND2_X1)
     1    1.80    0.01    0.02    2.06 ^ _52_/ZN (NAND2_X1)
                                         _33_ (net)
                  0.01    0.00    2.06 ^ _54_/C1 (OAI221_X1)
     1    1.15    0.01    0.02    2.08 v _54_/ZN (OAI221_X1)
                                         _00_ (net)
                  0.01    0.00    2.08 v pix_out$_DFF_PN0_/D (DFFR_X1)
                                  2.08   data arrival time

                  0.00    0.00    0.00   clock clk (rise edge)
                          0.00    0.00   clock network delay (ideal)
                          0.00    0.00   clock reconvergence pessimism
                                  0.00 ^ pix_out$_DFF_PN0_/CK (DFFR_X1)
                          0.00    0.00   library hold time
                                  0.00   data required time
-----------------------------------------------------------------------------
                                  0.00   data required time
                                 -2.08   data arrival time
-----------------------------------------------------------------------------
                                  2.07   slack (MET)



==========================================================================
global place report_checks -path_delay max
--------------------------------------------------------------------------
Startpoint: threshold[7] (input port clocked by clk)
Endpoint: pix_out$_DFF_PN0_ (rising edge-triggered flip-flop clocked by clk)
Path Group: clk
Path Type: max

Fanout     Cap    Slew   Delay    Time   Description
-----------------------------------------------------------------------------
                  0.00    0.00    0.00   clock clk (rise edge)
                          0.00    0.00   clock network delay (ideal)
                          2.00    2.00 v input external delay
     1    2.76    0.00    0.00    2.00 v threshold[7] (in)
                                         threshold[7] (net)
                  0.00    0.00    2.00 v input17/A (BUF_X1)
     1    1.69    0.01    0.02    2.02 v input17/Z (BUF_X1)
                                         net17 (net)
                  0.01    0.00    2.02 v _38_/A (INV_X1)
     1    3.56    0.01    0.02    2.04 ^ _38_/ZN (INV_X1)
                                         _13_ (net)
                  0.01    0.00    2.04 ^ _59_/B (HA_X1)
     3    6.33    0.04    0.07    2.11 ^ _59_/S (HA_X1)
                                         _15_ (net)
                  0.04    0.00    2.11 ^ _50_/A1 (AND4_X2)
     1    2.09    0.01    0.06    2.16 ^ _50_/ZN (AND4_X2)
                                         _31_ (net)
                  0.01    0.00    2.16 ^ _51_/A (OAI21_X1)
     1    1.77    0.01    0.02    2.18 v _51_/ZN (OAI21_X1)
                                         _32_ (net)
                  0.01    0.00    2.18 v _54_/B2 (OAI221_X1)
     1    1.22    0.03    0.05    2.23 ^ _54_/ZN (OAI221_X1)
                                         _00_ (net)
                  0.03    0.00    2.23 ^ pix_out$_DFF_PN0_/D (DFFR_X1)
                                  2.23   data arrival time

                  0.00   10.00   10.00   clock clk (rise edge)
                          0.00   10.00   clock network delay (ideal)
                          0.00   10.00   clock reconvergence pessimism
                                 10.00 ^ pix_out$_DFF_PN0_/CK (DFFR_X1)
                         -0.04    9.96   library setup time
                                  9.96   data required time
-----------------------------------------------------------------------------
                                  9.96   data required time
                                 -2.23   data arrival time
-----------------------------------------------------------------------------
                                  7.73   slack (MET)



==========================================================================
global place report_checks -unconstrained
--------------------------------------------------------------------------
Startpoint: threshold[7] (input port clocked by clk)
Endpoint: pix_out$_DFF_PN0_ (rising edge-triggered flip-flop clocked by clk)
Path Group: clk
Path Type: max

Fanout     Cap    Slew   Delay    Time   Description
-----------------------------------------------------------------------------
                  0.00    0.00    0.00   clock clk (rise edge)
                          0.00    0.00   clock network delay (ideal)
                          2.00    2.00 v input external delay
     1    2.76    0.00    0.00    2.00 v threshold[7] (in)
                                         threshold[7] (net)
                  0.00    0.00    2.00 v input17/A (BUF_X1)
     1    1.69    0.01    0.02    2.02 v input17/Z (BUF_X1)
                                         net17 (net)
                  0.01    0.00    2.02 v _38_/A (INV_X1)
     1    3.56    0.01    0.02    2.04 ^ _38_/ZN (INV_X1)
                                         _13_ (net)
                  0.01    0.00    2.04 ^ _59_/B (HA_X1)
     3    6.33    0.04    0.07    2.11 ^ _59_/S (HA_X1)
                                         _15_ (net)
                  0.04    0.00    2.11 ^ _50_/A1 (AND4_X2)
     1    2.09    0.01    0.06    2.16 ^ _50_/ZN (AND4_X2)
                                         _31_ (net)
                  0.01    0.00    2.16 ^ _51_/A (OAI21_X1)
     1    1.77    0.01    0.02    2.18 v _51_/ZN (OAI21_X1)
                                         _32_ (net)
                  0.01    0.00    2.18 v _54_/B2 (OAI221_X1)
     1    1.22    0.03    0.05    2.23 ^ _54_/ZN (OAI221_X1)
                                         _00_ (net)
                  0.03    0.00    2.23 ^ pix_out$_DFF_PN0_/D (DFFR_X1)
                                  2.23   data arrival time

                  0.00   10.00   10.00   clock clk (rise edge)
                          0.00   10.00   clock network delay (ideal)
                          0.00   10.00   clock reconvergence pessimism
                                 10.00 ^ pix_out$_DFF_PN0_/CK (DFFR_X1)
                         -0.04    9.96   library setup time
                                  9.96   data required time
-----------------------------------------------------------------------------
                                  9.96   data required time
                                 -2.23   data arrival time
-----------------------------------------------------------------------------
                                  7.73   slack (MET)



==========================================================================
global place report_power
--------------------------------------------------------------------------
Group                  Internal  Switching    Leakage      Total
                          Power      Power      Power      Power (Watts)
----------------------------------------------------------------
Sequential             6.59e-07   5.06e-08   8.57e-08   7.95e-07  15.8%
Combinational          1.70e-06   1.24e-06   1.30e-06   4.25e-06  84.2%
Clock                  0.00e+00   0.00e+00   0.00e+00   0.00e+00   0.0%
Macro                  0.00e+00   0.00e+00   0.00e+00   0.00e+00   0.0%
Pad                    0.00e+00   0.00e+00   0.00e+00   0.00e+00   0.0%
----------------------------------------------------------------
Total                  2.36e-06   1.30e-06   1.39e-06   5.04e-06 100.0%
                          46.8%      25.7%      27.5%
