
==========================================================================
global route report_tns
--------------------------------------------------------------------------
tns max 0.00

==========================================================================
global route report_wns
--------------------------------------------------------------------------
wns max 0.00

==========================================================================
global route report_worst_slack
--------------------------------------------------------------------------
worst slack max 7.72

==========================================================================
global route report_clock_min_period
--------------------------------------------------------------------------
clk period_min = 2.28 fmax = 437.99

==========================================================================
global route report_clock_skew
--------------------------------------------------------------------------
Clock clk
No launch/capture paths found.


==========================================================================
global route report_checks -path_delay min
--------------------------------------------------------------------------
Startpoint: pix_in[6] (input port clocked by clk)
Endpoint: pix_out$_DFF_PN0_ (rising edge-triggered flip-flop clocked by clk)
Path Group: clk
Path Type: min

Fanout     Cap    Slew   Delay    Time   Description
-----------------------------------------------------------------------------
                          0.00    0.00   clock clk (rise edge)
                          0.00    0.00   clock network delay (propagated)
                          2.00    2.00 ^ input external delay
     1    3.51    0.00    0.00    2.00 ^ pix_in[6] (in)
                                         pix_in[6] (net)
                  0.00    0.00    2.00 ^ input7/A (BUF_X1)
     1    3.68    0.01    0.02    2.02 ^ input7/Z (BUF_X1)
                                         net7 (net)
                  0.01    0.00    2.02 ^ _57_/A (HA_X1)
     2    3.97    0.01    0.02    2.04 v _57_/S (HA_X1)
                                         _09_ (net)
                  0.01    0.00    2.04 v _52_/A2 (NAND2_X1)
     1    1.72    0.01    0.02    2.06 ^ _52_/ZN (NAND2_X1)
                                         _33_ (net)
                  0.01    0.00    2.06 ^ _54_/C1 (OAI221_X1)
     1    2.14    0.01    0.02    2.08 v _54_/ZN (OAI221_X1)
                                         _00_ (net)
                  0.01    0.00    2.08 v pix_out$_DFF_PN0_/D (DFFR_X1)
                                  2.08   data arrival time

                          0.00    0.00   clock clk (rise edge)
                          0.00    0.00   clock source latency
     1    3.76    0.00    0.00    0.00 ^ clk (in)
                                         clk (net)
                  0.00    0.00    0.00 ^ pix_out$_DFF_PN0_/CK (DFFR_X1)
                          0.00    0.00   clock reconvergence pessimism
                          0.00    0.00   library hold time
                                  0.00   data required time
-----------------------------------------------------------------------------
                                  0.00   data required time
                                 -2.08   data arrival time
-----------------------------------------------------------------------------
                                  2.08   slack (MET)



==========================================================================
global route report_checks -path_delay max
--------------------------------------------------------------------------
Startpoint: threshold[7] (input port clocked by clk)
Endpoint: pix_out$_DFF_PN0_ (rising edge-triggered flip-flop clocked by clk)
Path Group: clk
Path Type: max

Fanout     Cap    Slew   Delay    Time   Description
-----------------------------------------------------------------------------
                          0.00    0.00   clock clk (rise edge)
                          0.00    0.00   clock network delay (propagated)
                          2.00    2.00 v input external delay
     1    2.66    0.00    0.00    2.00 v threshold[7] (in)
                                         threshold[7] (net)
                  0.00    0.00    2.00 v input17/A (BUF_X1)
     1    1.91    0.01    0.02    2.02 v input17/Z (BUF_X1)
                                         net17 (net)
                  0.01    0.00    2.02 v _38_/A (INV_X1)
     1    3.68    0.01    0.02    2.04 ^ _38_/ZN (INV_X1)
                                         _13_ (net)
                  0.01    0.00    2.04 ^ _59_/B (HA_X1)
     3    6.09    0.04    0.07    2.11 ^ _59_/S (HA_X1)
                                         _15_ (net)
                  0.04    0.00    2.11 ^ _50_/A1 (AND4_X2)
     1    3.11    0.01    0.06    2.17 ^ _50_/ZN (AND4_X2)
                                         _31_ (net)
                  0.01    0.00    2.17 ^ _51_/A (OAI21_X1)
     1    2.90    0.01    0.02    2.19 v _51_/ZN (OAI21_X1)
                                         _32_ (net)
                  0.01    0.00    2.19 v _54_/B2 (OAI221_X1)
     1    2.21    0.04    0.06    2.24 ^ _54_/ZN (OAI221_X1)
                                         _00_ (net)
                  0.04    0.00    2.24 ^ pix_out$_DFF_PN0_/D (DFFR_X1)
                                  2.24   data arrival time

                         10.00   10.00   clock clk (rise edge)
                          0.00   10.00   clock source latency
     1    3.76    0.00    0.00   10.00 ^ clk (in)
                                         clk (net)
                  0.00    0.00   10.00 ^ pix_out$_DFF_PN0_/CK (DFFR_X1)
                          0.00   10.00   clock reconvergence pessimism
                         -0.04    9.96   library setup time
                                  9.96   data required time
-----------------------------------------------------------------------------
                                  9.96   data required time
                                 -2.24   data arrival time
-----------------------------------------------------------------------------
                                  7.72   slack (MET)



==========================================================================
global route report_checks -unconstrained
--------------------------------------------------------------------------
Startpoint: threshold[7] (input port clocked by clk)
Endpoint: pix_out$_DFF_PN0_ (rising edge-triggered flip-flop clocked by clk)
Path Group: clk
Path Type: max

Fanout     Cap    Slew   Delay    Time   Description
-----------------------------------------------------------------------------
                          0.00    0.00   clock clk (rise edge)
                          0.00    0.00   clock network delay (propagated)
                          2.00    2.00 v input external delay
     1    2.66    0.00    0.00    2.00 v threshold[7] (in)
                                         threshold[7] (net)
                  0.00    0.00    2.00 v input17/A (BUF_X1)
     1    1.91    0.01    0.02    2.02 v input17/Z (BUF_X1)
                                         net17 (net)
                  0.01    0.00    2.02 v _38_/A (INV_X1)
     1    3.68    0.01    0.02    2.04 ^ _38_/ZN (INV_X1)
                                         _13_ (net)
                  0.01    0.00    2.04 ^ _59_/B (HA_X1)
     3    6.09    0.04    0.07    2.11 ^ _59_/S (HA_X1)
                                         _15_ (net)
                  0.04    0.00    2.11 ^ _50_/A1 (AND4_X2)
     1    3.11    0.01    0.06    2.17 ^ _50_/ZN (AND4_X2)
                                         _31_ (net)
                  0.01    0.00    2.17 ^ _51_/A (OAI21_X1)
     1    2.90    0.01    0.02    2.19 v _51_/ZN (OAI21_X1)
                                         _32_ (net)
                  0.01    0.00    2.19 v _54_/B2 (OAI221_X1)
     1    2.21    0.04    0.06    2.24 ^ _54_/ZN (OAI221_X1)
                                         _00_ (net)
                  0.04    0.00    2.24 ^ pix_out$_DFF_PN0_/D (DFFR_X1)
                                  2.24   data arrival time

                         10.00   10.00   clock clk (rise edge)
                          0.00   10.00   clock source latency
     1    3.76    0.00    0.00   10.00 ^ clk (in)
                                         clk (net)
                  0.00    0.00   10.00 ^ pix_out$_DFF_PN0_/CK (DFFR_X1)
                          0.00   10.00   clock reconvergence pessimism
                         -0.04    9.96   library setup time
                                  9.96   data required time
-----------------------------------------------------------------------------
                                  9.96   data required time
                                 -2.24   data arrival time
-----------------------------------------------------------------------------
                                  7.72   slack (MET)



==========================================================================
global route report_check_types -max_slew -max_cap -max_fanout -violators
--------------------------------------------------------------------------

==========================================================================
global route max_slew_check_slack
--------------------------------------------------------------------------
0.15690204501152039

==========================================================================
global route max_slew_check_limit
--------------------------------------------------------------------------
0.1985349953174591

==========================================================================
global route max_slew_check_slack_limit
--------------------------------------------------------------------------
0.7903

==========================================================================
global route max_fanout_check_slack
--------------------------------------------------------------------------
1.0000000150474662e+30

==========================================================================
global route max_fanout_check_limit
--------------------------------------------------------------------------
1.0000000150474662e+30

==========================================================================
global route max_capacitance_check_slack
--------------------------------------------------------------------------
17.630678176879883

==========================================================================
global route max_capacitance_check_limit
--------------------------------------------------------------------------
20.904499053955078

==========================================================================
global route max_capacitance_check_slack_limit
--------------------------------------------------------------------------
0.8434

==========================================================================
global route max_slew_violation_count
--------------------------------------------------------------------------
max slew violation count 0

==========================================================================
global route max_fanout_violation_count
--------------------------------------------------------------------------
max fanout violation count 0

==========================================================================
global route max_cap_violation_count
--------------------------------------------------------------------------
max cap violation count 0

==========================================================================
global route setup_violation_count
--------------------------------------------------------------------------
setup violation count 0

==========================================================================
global route hold_violation_count
--------------------------------------------------------------------------
hold violation count 0

==========================================================================
global route report_checks -path_delay max reg to reg
--------------------------------------------------------------------------
No paths found.

==========================================================================
global route report_checks -path_delay min reg to reg
--------------------------------------------------------------------------
No paths found.

==========================================================================
global route critical path target clock latency max path
--------------------------------------------------------------------------
0.0002

==========================================================================
global route critical path target clock latency min path
--------------------------------------------------------------------------
0.0002

==========================================================================
global route critical path source clock latency min path
--------------------------------------------------------------------------
0.0000

==========================================================================
global route critical path delay
--------------------------------------------------------------------------
2.2423

==========================================================================
global route critical path slack
--------------------------------------------------------------------------
7.7168

==========================================================================
global route slack div critical path delay
--------------------------------------------------------------------------
344.146635

==========================================================================
global route report_power
--------------------------------------------------------------------------
Group                  Internal  Switching    Leakage      Total
                          Power      Power      Power      Power (Watts)
----------------------------------------------------------------
Sequential             6.58e-07   3.59e-08   8.57e-08   7.80e-07  15.2%
Combinational          1.71e-06   1.34e-06   1.30e-06   4.35e-06  84.8%
Clock                  0.00e+00   0.00e+00   0.00e+00   0.00e+00   0.0%
Macro                  0.00e+00   0.00e+00   0.00e+00   0.00e+00   0.0%
Pad                    0.00e+00   0.00e+00   0.00e+00   0.00e+00   0.0%
----------------------------------------------------------------
Total                  2.37e-06   1.38e-06   1.39e-06   5.13e-06 100.0%
                          46.1%      26.9%      27.0%
